Release 14.7 - ngc2edif P.20131013 (nt64)
Copyright (c) 1995-2013 Xilinx, Inc.  All rights reserved.
Reading design Ethernet_Virtex6.ngc ...
WARNING:NetListWriters:298 - No output is written to Ethernet_Virtex6.xncf,
   ignored.
Processing design ...
   Preping design's networks ...
   Preping design's macros ...
  finished :Prep
Writing EDIF netlist file Ethernet_Virtex6.edif ...
ngc2edif: Total memory usage is 75800 kilobytes

Release 14.7 - ngc2edif P.20131013 (nt64)
Copyright (c) 1995-2013 Xilinx, Inc.  All rights reserved.
Reading design chipscope_icon.ngc ...
WARNING:NetListWriters:298 - No output is written to chipscope_icon.xncf,
   ignored.
Processing design ...
   Preping design's networks ...
   Preping design's macros ...
WARNING:NetListWriters:306 - Signal bus U0/U_ICON/iCORE_ID_SEL<15 : 0> on block
   chipscope_icon is not reconstructed, because there are some missing bus
   signals.
  finished :Prep
Writing EDIF netlist file chipscope_icon.edif ...
ngc2edif: Total memory usage is 77944 kilobytes

Release 14.7 - ngc2edif P.20131013 (nt64)
Copyright (c) 1995-2013 Xilinx, Inc.  All rights reserved.
Reading design chipscope_ila.ngc ...
WARNING:NetListWriters:298 - No output is written to chipscope_ila.xncf,
   ignored.
Processing design ...
   Preping design's networks ...
   Preping design's macros ...
WARNING:NetListWriters:306 - Signal bus
   U0/I_NO_D.U_ILA/U_RST/U_HALT_XFER/iDOUT_dly<2 : 0> on block chipscope_ila is
   not reconstructed, because there are some missing bus signals.
WARNING:NetListWriters:306 - Signal bus
   U0/I_NO_D.U_ILA/U_RST/U_ARM_XFER/iDOUT_dly<4 : 0> on block chipscope_ila is
   not reconstructed, because there are some missing bus signals.
  finished :Prep
Writing EDIF netlist file chipscope_ila.edif ...
ngc2edif: Total memory usage is 80056 kilobytes

Release 14.7 - ngc2edif P.20131013 (nt64)
Copyright (c) 1995-2013 Xilinx, Inc.  All rights reserved.
Reading design chipscope_icon.ngc ...
WARNING:NetListWriters:298 - No output is written to chipscope_icon.xncf,
   ignored.
Processing design ...
   Preping design's networks ...
   Preping design's macros ...
WARNING:NetListWriters:306 - Signal bus U0/U_ICON/iCORE_ID_SEL<15 : 0> on block
   chipscope_icon is not reconstructed, because there are some missing bus
   signals.
  finished :Prep
Writing EDIF netlist file chipscope_icon.edif ...
ngc2edif: Total memory usage is 77880 kilobytes

Release 14.7 - ngc2edif P.20131013 (nt64)
Copyright (c) 1995-2013 Xilinx, Inc.  All rights reserved.
Reading design chipscope_ila.ngc ...
WARNING:NetListWriters:298 - No output is written to chipscope_ila.xncf,
   ignored.
Processing design ...
   Preping design's networks ...
   Preping design's macros ...
WARNING:NetListWriters:306 - Signal bus
   U0/I_NO_D.U_ILA/U_RST/U_HALT_XFER/iDOUT_dly<2 : 0> on block chipscope_ila is
   not reconstructed, because there are some missing bus signals.
WARNING:NetListWriters:306 - Signal bus
   U0/I_NO_D.U_ILA/U_RST/U_ARM_XFER/iDOUT_dly<4 : 0> on block chipscope_ila is
   not reconstructed, because there are some missing bus signals.
  finished :Prep
Writing EDIF netlist file chipscope_ila.edif ...
ngc2edif: Total memory usage is 80056 kilobytes

Release 14.7 - ngc2edif P.20131013 (nt64)
Copyright (c) 1995-2013 Xilinx, Inc.  All rights reserved.
Reading design chipscope_icon.ngc ...
WARNING:NetListWriters:298 - No output is written to chipscope_icon.xncf,
   ignored.
Processing design ...
   Preping design's networks ...
   Preping design's macros ...
WARNING:NetListWriters:306 - Signal bus U0/U_ICON/iCORE_ID_SEL<15 : 0> on block
   chipscope_icon is not reconstructed, because there are some missing bus
   signals.
  finished :Prep
Writing EDIF netlist file chipscope_icon.edif ...
ngc2edif: Total memory usage is 77880 kilobytes

Release 14.7 - ngc2edif P.20131013 (nt64)
Copyright (c) 1995-2013 Xilinx, Inc.  All rights reserved.
Reading design chipscope_ila.ngc ...
WARNING:NetListWriters:298 - No output is written to chipscope_ila.xncf,
   ignored.
Processing design ...
   Preping design's networks ...
   Preping design's macros ...
WARNING:NetListWriters:306 - Signal bus
   U0/I_NO_D.U_ILA/U_RST/U_HALT_XFER/iDOUT_dly<2 : 0> on block chipscope_ila is
   not reconstructed, because there are some missing bus signals.
WARNING:NetListWriters:306 - Signal bus
   U0/I_NO_D.U_ILA/U_RST/U_ARM_XFER/iDOUT_dly<4 : 0> on block chipscope_ila is
   not reconstructed, because there are some missing bus signals.
  finished :Prep
Writing EDIF netlist file chipscope_ila.edif ...
ngc2edif: Total memory usage is 80056 kilobytes

Release 14.7 - ngc2edif P.20131013 (nt64)
Copyright (c) 1995-2013 Xilinx, Inc.  All rights reserved.
Reading design chipscope_ila.ngc ...
WARNING:NetListWriters:298 - No output is written to chipscope_ila.xncf,
   ignored.
Processing design ...
   Preping design's networks ...
   Preping design's macros ...
WARNING:NetListWriters:306 - Signal bus
   U0/I_NO_D.U_ILA/U_RST/U_HALT_XFER/iDOUT_dly<2 : 0> on block chipscope_ila is
   not reconstructed, because there are some missing bus signals.
WARNING:NetListWriters:306 - Signal bus
   U0/I_NO_D.U_ILA/U_RST/U_ARM_XFER/iDOUT_dly<4 : 0> on block chipscope_ila is
   not reconstructed, because there are some missing bus signals.
  finished :Prep
Writing EDIF netlist file chipscope_ila.edif ...
ngc2edif: Total memory usage is 83768 kilobytes

Release 14.7 - ngc2edif P.20131013 (nt64)
Copyright (c) 1995-2013 Xilinx, Inc.  All rights reserved.
Reading design chipscope_ila.ngc ...
WARNING:NetListWriters:298 - No output is written to chipscope_ila.xncf,
   ignored.
Processing design ...
   Preping design's networks ...
   Preping design's macros ...
WARNING:NetListWriters:306 - Signal bus
   U0/I_NO_D.U_ILA/U_RST/U_HALT_XFER/iDOUT_dly<2 : 0> on block chipscope_ila is
   not reconstructed, because there are some missing bus signals.
WARNING:NetListWriters:306 - Signal bus
   U0/I_NO_D.U_ILA/U_RST/U_ARM_XFER/iDOUT_dly<4 : 0> on block chipscope_ila is
   not reconstructed, because there are some missing bus signals.
  finished :Prep
Writing EDIF netlist file chipscope_ila.edif ...
ngc2edif: Total memory usage is 90040 kilobytes

Release 14.7 - ngc2edif P.20131013 (nt64)
Copyright (c) 1995-2013 Xilinx, Inc.  All rights reserved.
Reading design chipscope_ila.ngc ...
WARNING:NetListWriters:298 - No output is written to chipscope_ila.xncf,
   ignored.
Processing design ...
   Preping design's networks ...
   Preping design's macros ...
WARNING:NetListWriters:306 - Signal bus
   U0/I_NO_D.U_ILA/U_RST/U_HALT_XFER/iDOUT_dly<2 : 0> on block chipscope_ila is
   not reconstructed, because there are some missing bus signals.
WARNING:NetListWriters:306 - Signal bus
   U0/I_NO_D.U_ILA/U_RST/U_ARM_XFER/iDOUT_dly<4 : 0> on block chipscope_ila is
   not reconstructed, because there are some missing bus signals.
  finished :Prep
Writing EDIF netlist file chipscope_ila.edif ...
ngc2edif: Total memory usage is 83384 kilobytes

Release 14.7 - ngc2edif P.20131013 (nt64)
Copyright (c) 1995-2013 Xilinx, Inc.  All rights reserved.
Reading design top_wrapper.ngc ...
WARNING:NetListWriters:298 - No output is written to top_wrapper.xncf, ignored.
Processing design ...
   Preping design's networks ...
   Preping design's macros ...
WARNING:NetListWriters:306 - Signal bus clk_counter<10 : 0> on block uart_tx is
   not reconstructed, because there are some missing bus signals.
WARNING:NetListWriters:306 - Signal bus ip_header_0[159 : 0] on block
   read_buffer is not reconstructed, because there are some missing bus signals.
WARNING:NetListWriters:306 - Signal bus tcp_header_0[127 : 0] on block
   read_buffer is not reconstructed, because there are some missing bus signals.
  finished :Prep
Writing EDIF netlist file top_wrapper.edif ...
ngc2edif: Total memory usage is 95416 kilobytes

Release 14.7 - ngc2edif P.20131013 (nt64)
Copyright (c) 1995-2013 Xilinx, Inc.  All rights reserved.
Reading design top_wrapper.ngc ...
WARNING:NetListWriters:298 - No output is written to top_wrapper.xncf, ignored.
Processing design ...
   Preping design's networks ...
   Preping design's macros ...
WARNING:NetListWriters:306 - Signal bus clk_counter<10 : 0> on block uart_tx is
   not reconstructed, because there are some missing bus signals.
WARNING:NetListWriters:306 - Signal bus ip_header_0[159 : 0] on block
   read_buffer is not reconstructed, because there are some missing bus signals.
WARNING:NetListWriters:306 - Signal bus tcp_header_0[127 : 0] on block
   read_buffer is not reconstructed, because there are some missing bus signals.
  finished :Prep
Writing EDIF netlist file top_wrapper.edif ...
ngc2edif: Total memory usage is 93560 kilobytes

