Loading device for application Rf_Device from file '6vlx240t.nph' in environment
C:\Xilinx\14.7\ISE_DS\ISE\.
   "top_wrapper" is an NCD, version 3.2, device xc6vlx240t, package ff1156,
speed -1

INFO:Power:1693 - 
   --------------------------------------------------------------
                         The power estimate will be calculated using PRODUCTION
   data.
   --------------------------------------------------------------

Design load 20% completeDesign load 25% completeDesign load 30% completeDesign load 60% completeDesign load 95% completeDesign load 100% completeWARNING:PowerEstimator:270 - Power estimate is considered inaccurate. To see details, generate an advanced report with the "-v" switch.
Running Vector-less Activity Propagation
........
Finished Running Vector-less Activity Propagation
Finished Running Vector-less Activity Propagation 0 secs 
WARNING:Power:1337 - Clock frequency for clock net "MMCM_PHASE_CALIBRATION_ML_LUT2_4_ML_NEW_CLK" is zero.
WARNING:Power:1337 - Clock frequency for clock net "clk_wiz_inst/mmcm_adv_inst_ML_NEW_I1" is zero.
WARNING:Power:1337 - Clock frequency for clock net "clk_wiz_inst/mmcm_adv_inst_ML_NEW_OUT" is zero.
WARNING:Power:1337 - Clock frequency for clock net "phy_rx_clk_BUFGP" is zero.
WARNING:Power:1337 - Clock frequency for clock net "phy_rx_clk_BUFGP/IBUFG" is zero.
WARNING:Power:1369 - Clock frequency for one or more clocks was not found through
   timing constraints (PCF file) or simulation data.  Without knowing the
   clock frequency of all clocks, dynamic power information for those clock
   domains will default to zero which may under-estimate the power for this
   design.  To avoid this warning, provide at least one of the following:
     1. The proper timing constraints (PERIOD) for clocks (re-implement design
        and load the newly generated PCF file into XPower Analyzer)
     2. A post PAR simulation-generated VCD or SAIF file indicating clock
        frequencies
     3. The clock frequency for clocks in the "By Type -> Clocks" view in the
        XPower Analyzer GUI and then applying "Update Power Analysis"
Power report saved as top_wrapper.pwr.

Number of error messages: 0
Number of warning messages: 7
Number of info messages: 1

