--------------------------------------------------------------------------------
Release 14.7 Trace  (nt64)
Copyright (c) 1995-2013 Xilinx, Inc.  All rights reserved.

C:\Xilinx\14.7\ISE_DS\ISE\bin\nt64\unwrapped\trce.exe -intstyle ise -v 3 -tsi
top_wrapper.tsi -s 1 -n 3 -fastpaths -xml top_wrapper.twx top_wrapper.ncd -o
top_wrapper.twr top_wrapper.pcf -ucf top_wrapper.ucf

Design file:              top_wrapper.ncd
Physical constraint file: top_wrapper.pcf
Device,package,speed:     xc6vlx240t,ff1156,C,-1 (PRODUCTION 1.17 2013-10-13, STEPPING level 0)
Report level:             verbose report

Environment Variable      Effect 
--------------------      ------ 
NONE                      No environment variables were set
--------------------------------------------------------------------------------

INFO:Timing:3412 - To improve timing, see the Timing Closure User Guide (UG612).
INFO:Timing:2752 - To get complete path coverage, use the unconstrained paths 
   option. All paths that are not constrained will be reported in the 
   unconstrained paths section(s) of the report.
INFO:Timing:3339 - The clock-to-out numbers in this timing report are based on 
   a 50 Ohm transmission line loading model.  For the details of this model, 
   and for more information on accounting for different loading conditions, 
   please see the device datasheet.

================================================================================
Timing constraint: TS_clk_200 = PERIOD TIMEGRP "clk_200_grp" 5 ns HIGH 50%;
For more information, see Period Analysis in the Timing Closure User Guide (UG612).

 0 paths analyzed, 0 endpoints analyzed, 0 failing endpoints
 0 timing errors detected. (0 component switching limit errors)
 Minimum period is   2.800ns.
--------------------------------------------------------------------------------

Component Switching Limit Checks: TS_clk_200 = PERIOD TIMEGRP "clk_200_grp" 5 ns HIGH 50%;
--------------------------------------------------------------------------------
Slack: 2.200ns (period - (min low pulse limit / (low pulse / period)))
  Period: 5.000ns
  Low pulse: 2.500ns
  Low pulse limit: 1.400ns (Tdcmpw_CLKIN_200_250)
  Physical resource: clk_wiz_inst/mmcm_adv_inst/CLKIN1
  Logical resource: clk_wiz_inst/mmcm_adv_inst/CLKIN1
  Location pin: MMCM_ADV_X0Y0.CLKIN1
  Clock network: clk_wiz_inst/clkin1
--------------------------------------------------------------------------------
Slack: 2.200ns (period - (min high pulse limit / (high pulse / period)))
  Period: 5.000ns
  High pulse: 2.500ns
  High pulse limit: 1.400ns (Tdcmpw_CLKIN_200_250)
  Physical resource: clk_wiz_inst/mmcm_adv_inst/CLKIN1
  Logical resource: clk_wiz_inst/mmcm_adv_inst/CLKIN1
  Location pin: MMCM_ADV_X0Y0.CLKIN1
  Clock network: clk_wiz_inst/clkin1
--------------------------------------------------------------------------------
Slack: 3.572ns (period - min period limit)
  Period: 5.000ns
  Min period limit: 1.428ns (700.280MHz) (Tmmcmper_CLKIN(Finmax))
  Physical resource: clk_wiz_inst/mmcm_adv_inst/CLKIN1
  Logical resource: clk_wiz_inst/mmcm_adv_inst/CLKIN1
  Location pin: MMCM_ADV_X0Y0.CLKIN1
  Clock network: clk_wiz_inst/clkin1
--------------------------------------------------------------------------------

================================================================================
Timing constraint: TS_clk_wiz_inst_clkout1 = PERIOD TIMEGRP 
"clk_wiz_inst_clkout1" TS_clk_200         HIGH 50%;
For more information, see Period Analysis in the Timing Closure User Guide (UG612).

 99934 paths analyzed, 30399 endpoints analyzed, 0 failing endpoints
 0 timing errors detected. (0 setup errors, 0 hold errors, 0 component switching limit errors)
 Minimum period is   4.989ns.
--------------------------------------------------------------------------------

Paths for end point buffer_logger_inst/inst_pkt_logger/in_data_buffer_11 (SLICE_X56Y90.CE), 4 paths
--------------------------------------------------------------------------------
Slack (setup path):     0.011ns (requirement - (data path - clock path skew + uncertainty))
  Source:               buffer_logger_inst/inst_async_fifo_buffer/o_rempty (FF)
  Destination:          buffer_logger_inst/inst_pkt_logger/in_data_buffer_11 (FF)
  Requirement:          5.000ns
  Data Path Delay:      4.689ns (Levels of Logic = 2)
  Clock Path Skew:      -0.240ns (1.507 - 1.747)
  Source Clock:         clk_200 rising at 0.000ns
  Destination Clock:    clk_200 rising at 5.000ns
  Clock Uncertainty:    0.060ns

  Clock Uncertainty:          0.060ns  ((TSJ^2 + DJ^2)^1/2) / 2 + PE
    Total System Jitter (TSJ):  0.070ns
    Discrete Jitter (DJ):       0.097ns
    Phase Error (PE):           0.000ns

  Maximum Data Path at Slow Process Corner: buffer_logger_inst/inst_async_fifo_buffer/o_rempty to buffer_logger_inst/inst_pkt_logger/in_data_buffer_11
    Location             Delay type         Delay(ns)  Physical Resource
                                                       Logical Resource(s)
    -------------------------------------------------  -------------------
    SLICE_X73Y53.AQ      Tcko                  0.337   buffer_logger_inst/inst_async_fifo_buffer/rbin<4>
                                                       buffer_logger_inst/inst_async_fifo_buffer/o_rempty
    SLICE_X63Y56.A6      net (fanout=8)        0.813   speed_OBUF
    SLICE_X63Y56.A       Tilo                  0.068   buffer_logger_inst/inst_pkt_logger/byte_count_start<6>
                                                       buffer_logger_inst/uart_start1
    SLICE_X62Y58.B5      net (fanout=8)        0.463   buffer_logger_inst/uart_start
    SLICE_X62Y58.BMUX    Tilo                  0.196   buffer_logger_inst/inst_pkt_logger/state_FSM_FFd2
                                                       buffer_logger_inst/inst_pkt_logger/_n0100_inv1
    SLICE_X56Y90.CE      net (fanout=455)      2.528   buffer_logger_inst/inst_pkt_logger/_n0100_inv
    SLICE_X56Y90.CLK     Tceck                 0.284   buffer_logger_inst/inst_pkt_logger/in_data_buffer<11>
                                                       buffer_logger_inst/inst_pkt_logger/in_data_buffer_11
    -------------------------------------------------  ---------------------------
    Total                                      4.689ns (0.885ns logic, 3.804ns route)
                                                       (18.9% logic, 81.1% route)

--------------------------------------------------------------------------------
Slack (setup path):     0.390ns (requirement - (data path - clock path skew + uncertainty))
  Source:               buffer_logger_inst/empty_b1 (FF)
  Destination:          buffer_logger_inst/inst_pkt_logger/in_data_buffer_11 (FF)
  Requirement:          5.000ns
  Data Path Delay:      4.337ns (Levels of Logic = 2)
  Clock Path Skew:      -0.213ns (1.507 - 1.720)
  Source Clock:         clk_200 rising at 0.000ns
  Destination Clock:    clk_200 rising at 5.000ns
  Clock Uncertainty:    0.060ns

  Clock Uncertainty:          0.060ns  ((TSJ^2 + DJ^2)^1/2) / 2 + PE
    Total System Jitter (TSJ):  0.070ns
    Discrete Jitter (DJ):       0.097ns
    Phase Error (PE):           0.000ns

  Maximum Data Path at Slow Process Corner: buffer_logger_inst/empty_b1 to buffer_logger_inst/inst_pkt_logger/in_data_buffer_11
    Location             Delay type         Delay(ns)  Physical Resource
                                                       Logical Resource(s)
    -------------------------------------------------  -------------------
    SLICE_X62Y56.AQ      Tcko                  0.337   buffer_logger_inst/empty_b2
                                                       buffer_logger_inst/empty_b1
    SLICE_X63Y56.A3      net (fanout=2)        0.461   buffer_logger_inst/empty_b1
    SLICE_X63Y56.A       Tilo                  0.068   buffer_logger_inst/inst_pkt_logger/byte_count_start<6>
                                                       buffer_logger_inst/uart_start1
    SLICE_X62Y58.B5      net (fanout=8)        0.463   buffer_logger_inst/uart_start
    SLICE_X62Y58.BMUX    Tilo                  0.196   buffer_logger_inst/inst_pkt_logger/state_FSM_FFd2
                                                       buffer_logger_inst/inst_pkt_logger/_n0100_inv1
    SLICE_X56Y90.CE      net (fanout=455)      2.528   buffer_logger_inst/inst_pkt_logger/_n0100_inv
    SLICE_X56Y90.CLK     Tceck                 0.284   buffer_logger_inst/inst_pkt_logger/in_data_buffer<11>
                                                       buffer_logger_inst/inst_pkt_logger/in_data_buffer_11
    -------------------------------------------------  ---------------------------
    Total                                      4.337ns (0.885ns logic, 3.452ns route)
                                                       (20.4% logic, 79.6% route)

--------------------------------------------------------------------------------
Slack (setup path):     0.543ns (requirement - (data path - clock path skew + uncertainty))
  Source:               buffer_logger_inst/empty_b2 (FF)
  Destination:          buffer_logger_inst/inst_pkt_logger/in_data_buffer_11 (FF)
  Requirement:          5.000ns
  Data Path Delay:      4.184ns (Levels of Logic = 2)
  Clock Path Skew:      -0.213ns (1.507 - 1.720)
  Source Clock:         clk_200 rising at 0.000ns
  Destination Clock:    clk_200 rising at 5.000ns
  Clock Uncertainty:    0.060ns

  Clock Uncertainty:          0.060ns  ((TSJ^2 + DJ^2)^1/2) / 2 + PE
    Total System Jitter (TSJ):  0.070ns
    Discrete Jitter (DJ):       0.097ns
    Phase Error (PE):           0.000ns

  Maximum Data Path at Slow Process Corner: buffer_logger_inst/empty_b2 to buffer_logger_inst/inst_pkt_logger/in_data_buffer_11
    Location             Delay type         Delay(ns)  Physical Resource
                                                       Logical Resource(s)
    -------------------------------------------------  -------------------
    SLICE_X62Y56.BQ      Tcko                  0.337   buffer_logger_inst/empty_b2
                                                       buffer_logger_inst/empty_b2
    SLICE_X63Y56.A5      net (fanout=1)        0.308   buffer_logger_inst/empty_b2
    SLICE_X63Y56.A       Tilo                  0.068   buffer_logger_inst/inst_pkt_logger/byte_count_start<6>
                                                       buffer_logger_inst/uart_start1
    SLICE_X62Y58.B5      net (fanout=8)        0.463   buffer_logger_inst/uart_start
    SLICE_X62Y58.BMUX    Tilo                  0.196   buffer_logger_inst/inst_pkt_logger/state_FSM_FFd2
                                                       buffer_logger_inst/inst_pkt_logger/_n0100_inv1
    SLICE_X56Y90.CE      net (fanout=455)      2.528   buffer_logger_inst/inst_pkt_logger/_n0100_inv
    SLICE_X56Y90.CLK     Tceck                 0.284   buffer_logger_inst/inst_pkt_logger/in_data_buffer<11>
                                                       buffer_logger_inst/inst_pkt_logger/in_data_buffer_11
    -------------------------------------------------  ---------------------------
    Total                                      4.184ns (0.885ns logic, 3.299ns route)
                                                       (21.2% logic, 78.8% route)

--------------------------------------------------------------------------------

Paths for end point buffer_logger_inst/inst_pkt_logger/in_data_buffer_22 (SLICE_X56Y94.B2), 1 path
--------------------------------------------------------------------------------
Slack (setup path):     0.013ns (requirement - (data path - clock path skew + uncertainty))
  Source:               buffer_logger_inst/inst_async_fifo_buffer/rbin_1 (FF)
  Destination:          buffer_logger_inst/inst_pkt_logger/in_data_buffer_22 (FF)
  Requirement:          5.000ns
  Data Path Delay:      4.681ns (Levels of Logic = 1)
  Clock Path Skew:      -0.246ns (1.504 - 1.750)
  Source Clock:         clk_200 rising at 0.000ns
  Destination Clock:    clk_200 rising at 5.000ns
  Clock Uncertainty:    0.060ns

  Clock Uncertainty:          0.060ns  ((TSJ^2 + DJ^2)^1/2) / 2 + PE
    Total System Jitter (TSJ):  0.070ns
    Discrete Jitter (DJ):       0.097ns
    Phase Error (PE):           0.000ns

  Maximum Data Path at Slow Process Corner: buffer_logger_inst/inst_async_fifo_buffer/rbin_1 to buffer_logger_inst/inst_pkt_logger/in_data_buffer_22
    Location             Delay type         Delay(ns)  Physical Resource
                                                       Logical Resource(s)
    -------------------------------------------------  -------------------
    SLICE_X78Y53.BMUX    Tshcko                0.420   buffer_logger_inst/inst_async_fifo_buffer/rgray<0>
                                                       buffer_logger_inst/inst_async_fifo_buffer/rbin_1
    SLICE_X56Y94.B2      net (fanout=917)      4.109   buffer_logger_inst/inst_async_fifo_buffer/rbin<1>
    SLICE_X56Y94.CLK     Tas                   0.152   buffer_logger_inst/inst_pkt_logger/in_data_buffer<22>
                                                       buffer_logger_inst/inst_async_fifo_buffer/Mram_mem23/DP.LOW
                                                       buffer_logger_inst/inst_async_fifo_buffer/Mram_mem23/F7.DP
                                                       buffer_logger_inst/inst_pkt_logger/in_data_buffer_22
    -------------------------------------------------  ---------------------------
    Total                                      4.681ns (0.572ns logic, 4.109ns route)
                                                       (12.2% logic, 87.8% route)

--------------------------------------------------------------------------------

Paths for end point buffer_logger_inst/inst_pkt_logger/in_data_buffer_19 (SLICE_X56Y95.A2), 1 path
--------------------------------------------------------------------------------
Slack (setup path):     0.020ns (requirement - (data path - clock path skew + uncertainty))
  Source:               buffer_logger_inst/inst_async_fifo_buffer/rbin_1 (FF)
  Destination:          buffer_logger_inst/inst_pkt_logger/in_data_buffer_19 (FF)
  Requirement:          5.000ns
  Data Path Delay:      4.672ns (Levels of Logic = 1)
  Clock Path Skew:      -0.248ns (1.502 - 1.750)
  Source Clock:         clk_200 rising at 0.000ns
  Destination Clock:    clk_200 rising at 5.000ns
  Clock Uncertainty:    0.060ns

  Clock Uncertainty:          0.060ns  ((TSJ^2 + DJ^2)^1/2) / 2 + PE
    Total System Jitter (TSJ):  0.070ns
    Discrete Jitter (DJ):       0.097ns
    Phase Error (PE):           0.000ns

  Maximum Data Path at Slow Process Corner: buffer_logger_inst/inst_async_fifo_buffer/rbin_1 to buffer_logger_inst/inst_pkt_logger/in_data_buffer_19
    Location             Delay type         Delay(ns)  Physical Resource
                                                       Logical Resource(s)
    -------------------------------------------------  -------------------
    SLICE_X78Y53.BMUX    Tshcko                0.420   buffer_logger_inst/inst_async_fifo_buffer/rgray<0>
                                                       buffer_logger_inst/inst_async_fifo_buffer/rbin_1
    SLICE_X56Y95.A2      net (fanout=917)      4.097   buffer_logger_inst/inst_async_fifo_buffer/rbin<1>
    SLICE_X56Y95.CLK     Tas                   0.155   buffer_logger_inst/inst_pkt_logger/in_data_buffer<19>
                                                       buffer_logger_inst/inst_async_fifo_buffer/Mram_mem20/DP.HIGH
                                                       buffer_logger_inst/inst_async_fifo_buffer/Mram_mem20/F7.DP
                                                       buffer_logger_inst/inst_pkt_logger/in_data_buffer_19
    -------------------------------------------------  ---------------------------
    Total                                      4.672ns (0.575ns logic, 4.097ns route)
                                                       (12.3% logic, 87.7% route)

--------------------------------------------------------------------------------

Hold Paths: TS_clk_wiz_inst_clkout1 = PERIOD TIMEGRP "clk_wiz_inst_clkout1" TS_clk_200
        HIGH 50%;
--------------------------------------------------------------------------------

Paths for end point buffer_logger_inst/inst_async_fifo_buffer/Mram_mem455/SP.LOW (SLICE_X56Y40.DI), 1 path
--------------------------------------------------------------------------------
Slack (hold path):      0.048ns (requirement - (clock path skew + uncertainty - data path))
  Source:               inst_top/inst_mac/inst_read_buffer/packet_430 (FF)
  Destination:          buffer_logger_inst/inst_async_fifo_buffer/Mram_mem455/SP.LOW (RAM)
  Requirement:          0.000ns
  Data Path Delay:      0.060ns (Levels of Logic = 0)
  Clock Path Skew:      0.012ns (0.066 - 0.054)
  Source Clock:         clk_200 rising at 5.000ns
  Destination Clock:    clk_200 rising at 5.000ns
  Clock Uncertainty:    0.000ns

  Minimum Data Path at Fast Process Corner: inst_top/inst_mac/inst_read_buffer/packet_430 to buffer_logger_inst/inst_async_fifo_buffer/Mram_mem455/SP.LOW
    Location             Delay type         Delay(ns)  Physical Resource
                                                       Logical Resource(s)
    -------------------------------------------------  -------------------
    SLICE_X57Y40.DQ      Tcko                  0.098   data_send_buffer<454>
                                                       inst_top/inst_mac/inst_read_buffer/packet_430
    SLICE_X56Y40.DI      net (fanout=1)        0.049   data_send_buffer<454>
    SLICE_X56Y40.CLK     Tdh         (-Th)     0.087   buffer_logger_inst/inst_pkt_logger/in_data_buffer<454>
                                                       buffer_logger_inst/inst_async_fifo_buffer/Mram_mem455/SP.LOW
    -------------------------------------------------  ---------------------------
    Total                                      0.060ns (0.011ns logic, 0.049ns route)
                                                       (18.3% logic, 81.7% route)

--------------------------------------------------------------------------------

Paths for end point buffer_logger_inst/inst_async_fifo_buffer/Mram_mem67/SP.LOW (SLICE_X64Y38.DI), 1 path
--------------------------------------------------------------------------------
Slack (hold path):      0.058ns (requirement - (clock path skew + uncertainty - data path))
  Source:               inst_top/inst_mac/inst_read_buffer/packet_42 (FF)
  Destination:          buffer_logger_inst/inst_async_fifo_buffer/Mram_mem67/SP.LOW (RAM)
  Requirement:          0.000ns
  Data Path Delay:      0.166ns (Levels of Logic = 0)
  Clock Path Skew:      0.108ns (0.799 - 0.691)
  Source Clock:         clk_200 rising at 5.000ns
  Destination Clock:    clk_200 rising at 5.000ns
  Clock Uncertainty:    0.000ns

  Minimum Data Path at Fast Process Corner: inst_top/inst_mac/inst_read_buffer/packet_42 to buffer_logger_inst/inst_async_fifo_buffer/Mram_mem67/SP.LOW
    Location             Delay type         Delay(ns)  Physical Resource
                                                       Logical Resource(s)
    -------------------------------------------------  -------------------
    SLICE_X65Y43.CQ      Tcko                  0.098   data_send_buffer<67>
                                                       inst_top/inst_mac/inst_read_buffer/packet_42
    SLICE_X64Y38.DI      net (fanout=1)        0.155   data_send_buffer<66>
    SLICE_X64Y38.CLK     Tdh         (-Th)     0.087   buffer_logger_inst/inst_pkt_logger/in_data_buffer<66>
                                                       buffer_logger_inst/inst_async_fifo_buffer/Mram_mem67/SP.LOW
    -------------------------------------------------  ---------------------------
    Total                                      0.166ns (0.011ns logic, 0.155ns route)
                                                       (6.6% logic, 93.4% route)

--------------------------------------------------------------------------------

Paths for end point inst_top/inst_fp_top/inst_gen_number_16/fp_detected (SLICE_X52Y101.A6), 1 path
--------------------------------------------------------------------------------
Slack (hold path):      0.058ns (requirement - (clock path skew + uncertainty - data path))
  Source:               inst_top/inst_fp_top/inst_gen_number_16/tcp_window_f_13 (FF)
  Destination:          inst_top/inst_fp_top/inst_gen_number_16/fp_detected (FF)
  Requirement:          0.000ns
  Data Path Delay:      0.067ns (Levels of Logic = 1)
  Clock Path Skew:      0.009ns (0.052 - 0.043)
  Source Clock:         clk_200 rising at 5.000ns
  Destination Clock:    clk_200 rising at 5.000ns
  Clock Uncertainty:    0.000ns

  Minimum Data Path at Fast Process Corner: inst_top/inst_fp_top/inst_gen_number_16/tcp_window_f_13 to inst_top/inst_fp_top/inst_gen_number_16/fp_detected
    Location             Delay type         Delay(ns)  Physical Resource
                                                       Logical Resource(s)
    -------------------------------------------------  -------------------
    SLICE_X53Y101.BQ     Tcko                  0.098   inst_top/inst_fp_top/inst_gen_number_16/tcp_window_f<15>
                                                       inst_top/inst_fp_top/inst_gen_number_16/tcp_window_f_13
    SLICE_X52Y101.A6     net (fanout=1)        0.045   inst_top/inst_fp_top/inst_gen_number_16/tcp_window_f<13>
    SLICE_X52Y101.CLK    Tah         (-Th)     0.076   inst_top/inst_fp_top/inst_gen_number_16/valid_f
                                                       inst_top/inst_fp_top/inst_gen_number_16/fp_detected_rstpot
                                                       inst_top/inst_fp_top/inst_gen_number_16/fp_detected
    -------------------------------------------------  ---------------------------
    Total                                      0.067ns (0.022ns logic, 0.045ns route)
                                                       (32.8% logic, 67.2% route)

--------------------------------------------------------------------------------

Component Switching Limit Checks: TS_clk_wiz_inst_clkout1 = PERIOD TIMEGRP "clk_wiz_inst_clkout1" TS_clk_200
        HIGH 50%;
--------------------------------------------------------------------------------
Slack: 3.000ns (period - (min low pulse limit / (low pulse / period)))
  Period: 5.000ns
  Low pulse: 2.500ns
  Low pulse limit: 1.000ns (Tmpw)
  Physical resource: buffer_logger_inst/inst_pkt_logger/in_data_buffer<0>/CLK
  Logical resource: buffer_logger_inst/inst_async_fifo_buffer/Mram_mem1/DP.HIGH/CLK
  Location pin: SLICE_X52Y88.CLK
  Clock network: clk_200
--------------------------------------------------------------------------------
Slack: 3.000ns (period - (min high pulse limit / (high pulse / period)))
  Period: 5.000ns
  High pulse: 2.500ns
  High pulse limit: 1.000ns (Tmpw)
  Physical resource: buffer_logger_inst/inst_pkt_logger/in_data_buffer<0>/CLK
  Logical resource: buffer_logger_inst/inst_async_fifo_buffer/Mram_mem1/DP.HIGH/CLK
  Location pin: SLICE_X52Y88.CLK
  Clock network: clk_200
--------------------------------------------------------------------------------
Slack: 3.000ns (period - (min low pulse limit / (low pulse / period)))
  Period: 5.000ns
  Low pulse: 2.500ns
  Low pulse limit: 1.000ns (Tmpw)
  Physical resource: buffer_logger_inst/inst_pkt_logger/in_data_buffer<0>/CLK
  Logical resource: buffer_logger_inst/inst_async_fifo_buffer/Mram_mem1/DP.LOW/CLK
  Location pin: SLICE_X52Y88.CLK
  Clock network: clk_200
--------------------------------------------------------------------------------


Derived Constraint Report
Derived Constraints for TS_clk_200
+-------------------------------+-------------+-------------+-------------+-------------+-------------+-------------+-------------+
|                               |   Period    |       Actual Period       |      Timing Errors        |      Paths Analyzed       |
|           Constraint          | Requirement |-------------+-------------|-------------+-------------|-------------+-------------|
|                               |             |   Direct    | Derivative  |   Direct    | Derivative  |   Direct    | Derivative  |
+-------------------------------+-------------+-------------+-------------+-------------+-------------+-------------+-------------+
|TS_clk_200                     |      5.000ns|      2.800ns|      4.989ns|            0|            0|            0|        99934|
| TS_clk_wiz_inst_clkout1       |      5.000ns|      4.989ns|          N/A|            0|            0|        99934|            0|
+-------------------------------+-------------+-------------+-------------+-------------+-------------+-------------+-------------+

All constraints were met.


Data Sheet report:
-----------------
All values displayed in nanoseconds (ns)

Clock to Setup on destination clock clk_200_n
---------------+---------+---------+---------+---------+
               | Src:Rise| Src:Fall| Src:Rise| Src:Fall|
Source Clock   |Dest:Rise|Dest:Rise|Dest:Fall|Dest:Fall|
---------------+---------+---------+---------+---------+
clk_200_n      |    4.989|         |         |         |
clk_200_p      |    4.989|         |         |         |
---------------+---------+---------+---------+---------+

Clock to Setup on destination clock clk_200_p
---------------+---------+---------+---------+---------+
               | Src:Rise| Src:Fall| Src:Rise| Src:Fall|
Source Clock   |Dest:Rise|Dest:Rise|Dest:Fall|Dest:Fall|
---------------+---------+---------+---------+---------+
clk_200_n      |    4.989|         |         |         |
clk_200_p      |    4.989|         |         |         |
---------------+---------+---------+---------+---------+


Timing summary:
---------------

Timing errors: 0  Score: 0  (Setup/Max: 0, Hold: 0)

Constraints cover 99934 paths, 0 nets, and 21427 connections

Design statistics:
   Minimum period:   4.989ns{1}   (Maximum frequency: 200.441MHz)


------------------------------------Footnotes-----------------------------------
1)  The minimum period statistic assumes all single cycle delays.

Analysis completed Tue Jun 09 12:49:11 2026 
--------------------------------------------------------------------------------

Trace Settings:
-------------------------
Trace Settings 

Peak Memory Usage: 718 MB



