SET_PARAMETER tx_vlan_enable false
SET_PARAMETER number_of_address_table_entries 0
SET_PARAMETER phy_powerdown false
SET_PARAMETER phy_unidirection_enable false
SET_PARAMETER rx_ctrl_lencheck_disable false
SET_PARAMETER speed 1000_Mbps
SET_PARAMETER serial_mode_switch_enable false
SET_PARAMETER address_filter_enable false
SET_PARAMETER rx_jumbo_frame_enable false
SET_PARAMETER rx_disable_length false
SET_PARAMETER statistics_reset true
SET_PARAMETER phy_reset false
SET_PARAMETER rx_reset false
SET_PARAMETER physical_interface GMII
SET_PARAMETER sgmii_mode No_clock
SET_PARAMETER tx_ifg_adjust_enable false
SET_PARAMETER tx_flow_control_enable false
SET_PARAMETER tx_enable true
SET_PARAMETER phy_link_timer_value 13D
SET_PARAMETER statistics_width 32bit
SET_PARAMETER axi_ipif true
SET_PARAMETER client_side_data_width 8_bit
SET_PARAMETER rx_enable true
SET_PARAMETER rx_in_band_fcs_enable false
SET_PARAMETER phy_loopback_in_gtp false
SET_PARAMETER tx_jumbo_frame_enable false
SET_PARAMETER phy_loopback_msb false
SET_PARAMETER rx_flow_control_enable false
SET_PARAMETER rx_half_duplex_enable false
SET_PARAMETER component_name Ethernet_Virtex6
SET_PARAMETER rx_vlan_enable false
SET_PARAMETER phy_isolate false
SET_PARAMETER unicast_pause_mac_address_1 AA
SET_PARAMETER unicast_pause_mac_address_2 BB
SET_PARAMETER unicast_pause_mac_address_3 CC
SET_PARAMETER unicast_pause_mac_address_4 DD
SET_PARAMETER address_filter false
SET_PARAMETER unicast_pause_mac_address_5 EE
SET_PARAMETER unicast_pause_mac_address_6 FF
SET_PARAMETER management_interface false
SET_PARAMETER clock_enable true
SET_PARAMETER tx_in_band_fcs_enable false
SET_PARAMETER mdio false
SET_PARAMETER phy_an_enable false
SET_PARAMETER statistics_counters false
SET_PARAMETER tx_reset false
SET_PARAMETER phy_ignore_adzero false
SET_PARAMETER tx_half_duplex_enable false
SET_ERROR_CODE 2
SET_ERROR_MSG  CANCEL: Customization cancelled.
SET_ERROR_TEXT Finished initializing IP model.	
