
****** PlanAhead v14.7 (64-bit)
  **** Build 321239 by xbuild on Fri Sep 27 19:29:51 MDT 2013
    ** Copyright 1986-1999, 2001-2013 Xilinx, Inc. All Rights Reserved.

INFO: [Common 17-78] Attempting to get a license: PlanAhead
INFO: [Common 17-290] Got license for PlanAhead
INFO: [Common 17-86] Your PlanAhead license expires in -466 day(s)
INFO: [Device 21-36] Loading parts and site information from C:/Xilinx/14.7/ISE_DS/PlanAhead/data/parts/arch.xml
Parsing RTL primitives file [C:/Xilinx/14.7/ISE_DS/PlanAhead/data/parts/xilinx/rtl/prims/rtl_prims.xml]
Finished parsing RTL primitives file [C:/Xilinx/14.7/ISE_DS/PlanAhead/data/parts/xilinx/rtl/prims/rtl_prims.xml]
start_gui
source {Y:/Virtex 6 ISE design/Virtex_6_FP_det/pa.fromHdl.tcl}
# create_project -name Virtex_6_FP_det -dir "Y:/Virtex 6 ISE design/Virtex_6_FP_det/planAhead_run_1" -part xc6vlx240tff1156-1
# set_param project.pinAheadLayout yes
# set srcset [get_property srcset [current_run -impl]]
# set_property target_constrs_file "top_wrapper.ucf" [current_fileset -constrset]
Adding file 'Y:/Virtex 6 ISE design/Virtex_6_FP_det/top_wrapper.ucf' to fileset 'constrs_1'
# set hdlfile [add_files [list {ipcore_dir/clk.v}]]
# set_property file_type Verilog $hdlfile
# set_property library work $hdlfile
# set hdlfile [add_files [list {../../Source files/Veilog/synchronizer.v}]]
# set_property file_type Verilog $hdlfile
# set_property library work $hdlfile
# set hdlfile [add_files [list {../../Source files/Veilog/preamble_detector.v}]]
# set_property file_type Verilog $hdlfile
# set_property library work $hdlfile
# set hdlfile [add_files [list {../../Source files/Veilog/allignment.v}]]
# set_property file_type Verilog $hdlfile
# set_property library work $hdlfile
# set hdlfile [add_files [list {../../Source files/Veilog/uart_tx_new.v}]]
# set_property file_type Verilog $hdlfile
# set_property library work $hdlfile
# set hdlfile [add_files [list {../../Source files/Veilog/read_buffer.v}]]
# set_property file_type Verilog $hdlfile
# set_property library work $hdlfile
# set hdlfile [add_files [list {../../Source files/Veilog/link_speed_detector.v}]]
# set_property file_type Verilog $hdlfile
# set_property library work $hdlfile
# set hdlfile [add_files [list {../../Source files/Veilog/gen_number_9.v}]]
# set_property file_type Verilog $hdlfile
# set_property library work $hdlfile
# set hdlfile [add_files [list {../../Source files/Veilog/gen_number_8.v}]]
# set_property file_type Verilog $hdlfile
# set_property library work $hdlfile
# set hdlfile [add_files [list {../../Source files/Veilog/gen_number_7.v}]]
# set_property file_type Verilog $hdlfile
# set_property library work $hdlfile
# set hdlfile [add_files [list {../../Source files/Veilog/gen_number_6.v}]]
# set_property file_type Verilog $hdlfile
# set_property library work $hdlfile
# set hdlfile [add_files [list {../../Source files/Veilog/gen_number_5.v}]]
# set_property file_type Verilog $hdlfile
# set_property library work $hdlfile
# set hdlfile [add_files [list {../../Source files/Veilog/gen_number_4.v}]]
# set_property file_type Verilog $hdlfile
# set_property library work $hdlfile
# set hdlfile [add_files [list {../../Source files/Veilog/gen_number_3.v}]]
# set_property file_type Verilog $hdlfile
# set_property library work $hdlfile
# set hdlfile [add_files [list {../../Source files/Veilog/gen_number_2.v}]]
# set_property file_type Verilog $hdlfile
# set_property library work $hdlfile
# set hdlfile [add_files [list {../../Source files/Veilog/gen_number_17.v}]]
# set_property file_type Verilog $hdlfile
# set_property library work $hdlfile
# set hdlfile [add_files [list {../../Source files/Veilog/gen_number_16.v}]]
# set_property file_type Verilog $hdlfile
# set_property library work $hdlfile
# set hdlfile [add_files [list {../../Source files/Veilog/gen_number_15.v}]]
# set_property file_type Verilog $hdlfile
# set_property library work $hdlfile
# set hdlfile [add_files [list {../../Source files/Veilog/gen_number_14.v}]]
# set_property file_type Verilog $hdlfile
# set_property library work $hdlfile
# set hdlfile [add_files [list {../../Source files/Veilog/gen_number_13.v}]]
# set_property file_type Verilog $hdlfile
# set_property library work $hdlfile
# set hdlfile [add_files [list {../../Source files/Veilog/gen_number_12.v}]]
# set_property file_type Verilog $hdlfile
# set_property library work $hdlfile
# set hdlfile [add_files [list {../../Source files/Veilog/gen_number_11.v}]]
# set_property file_type Verilog $hdlfile
# set_property library work $hdlfile
# set hdlfile [add_files [list {../../Source files/Veilog/gen_number_10.v}]]
# set_property file_type Verilog $hdlfile
# set_property library work $hdlfile
# set hdlfile [add_files [list {../../Source files/Veilog/gen_number_1.v}]]
# set_property file_type Verilog $hdlfile
# set_property library work $hdlfile
# set hdlfile [add_files [list {../../Source files/Veilog/gen_number_0.v}]]
# set_property file_type Verilog $hdlfile
# set_property library work $hdlfile
# set hdlfile [add_files [list {../../Source files/Veilog/async_fifo.v}]]
# set_property file_type Verilog $hdlfile
# set_property library work $hdlfile
# set hdlfile [add_files [list {../../Source files/Veilog/accumulator.v}]]
# set_property file_type Verilog $hdlfile
# set_property library work $hdlfile
# set hdlfile [add_files [list {../../Source files/Veilog/packet_logging.v}]]
# set_property file_type Verilog $hdlfile
# set_property library work $hdlfile
# set hdlfile [add_files [list {../../Source files/Veilog/mac.v}]]
# set_property file_type Verilog $hdlfile
# set_property library work $hdlfile
# set hdlfile [add_files [list {../../Source files/Veilog/fp_top.v}]]
# set_property file_type Verilog $hdlfile
# set_property library work $hdlfile
# set hdlfile [add_files [list {../../Source files/Veilog/top.v}]]
# set_property file_type Verilog $hdlfile
# set_property library work $hdlfile
# set hdlfile [add_files [list {../../Source files/Veilog/buffer_packet_logger.v}]]
# set_property file_type Verilog $hdlfile
# set_property library work $hdlfile
# set hdlfile [add_files [list {../../Source files/Veilog/top_virtix_6.v}]]
# set_property file_type Verilog $hdlfile
# set_property library work $hdlfile
# set_property top top_wrapper $srcset
# add_files [list {top_wrapper.ucf}] -fileset [get_property constrset [current_run]]
# add_files [list {ipcore_dir/Ethernet_Virtex6.ncf}] -fileset [get_property constrset [current_run]]
# add_files [list {C:/Coregen/chipscope_icon.ncf}] -fileset [get_property constrset [current_run]]
# add_files [list {C:/Coregen/chipscope_ila.ncf}] -fileset [get_property constrset [current_run]]
# add_files [list {C:/Coregen/uart_test_icon.ncf}] -fileset [get_property constrset [current_run]]
# add_files [list {C:/Coregen/uart_test_ila.ncf}] -fileset [get_property constrset [current_run]]
# open_rtl_design -part xc6vlx240tff1156-1
Using Verific elaboration
Parsing VHDL file "C:/Xilinx/14.7/ISE_DS/PlanAhead/data/parts/xilinx/rtl/lib/synplify/synattr.vhd" into library synplify
Analyzing Verilog file "Y:/Source files/Veilog/synchronizer.v" into library work
Analyzing Verilog file "Y:/Source files/Veilog/preamble_detector.v" into library work
Analyzing Verilog file "Y:/Source files/Veilog/allignment.v" into library work
Analyzing Verilog file "Y:/Source files/Veilog/uart_tx_new.v" into library work
Analyzing Verilog file "Y:/Source files/Veilog/read_buffer.v" into library work
Analyzing Verilog file "Y:/Source files/Veilog/link_speed_detector.v" into library work
Analyzing Verilog file "Y:/Source files/Veilog/gen_number_9.v" into library work
Analyzing Verilog file "Y:/Source files/Veilog/gen_number_8.v" into library work
Analyzing Verilog file "Y:/Source files/Veilog/gen_number_7.v" into library work
Analyzing Verilog file "Y:/Source files/Veilog/gen_number_6.v" into library work
Analyzing Verilog file "Y:/Source files/Veilog/gen_number_5.v" into library work
Analyzing Verilog file "Y:/Source files/Veilog/gen_number_4.v" into library work
Analyzing Verilog file "Y:/Source files/Veilog/gen_number_3.v" into library work
Analyzing Verilog file "Y:/Source files/Veilog/gen_number_2.v" into library work
Analyzing Verilog file "Y:/Source files/Veilog/gen_number_17.v" into library work
Analyzing Verilog file "Y:/Source files/Veilog/gen_number_16.v" into library work
Analyzing Verilog file "Y:/Source files/Veilog/gen_number_15.v" into library work
Analyzing Verilog file "Y:/Source files/Veilog/gen_number_14.v" into library work
Analyzing Verilog file "Y:/Source files/Veilog/gen_number_13.v" into library work
Analyzing Verilog file "Y:/Source files/Veilog/gen_number_12.v" into library work
Analyzing Verilog file "Y:/Source files/Veilog/gen_number_11.v" into library work
Analyzing Verilog file "Y:/Source files/Veilog/gen_number_10.v" into library work
Analyzing Verilog file "Y:/Source files/Veilog/gen_number_1.v" into library work
Analyzing Verilog file "Y:/Source files/Veilog/gen_number_0.v" into library work
Analyzing Verilog file "Y:/Source files/Veilog/async_fifo.v" into library work
Analyzing Verilog file "Y:/Source files/Veilog/accumulator.v" into library work
Analyzing Verilog file "Y:/Source files/Veilog/packet_logging.v" into library work
Analyzing Verilog file "Y:/Source files/Veilog/mac.v" into library work
Analyzing Verilog file "Y:/Source files/Veilog/fp_top.v" into library work
Analyzing Verilog file "Y:/Virtex 6 ISE design/Virtex_6_FP_det/ipcore_dir/clk.v" into library work
Analyzing Verilog file "Y:/Source files/Veilog/top.v" into library work
Analyzing Verilog file "Y:/Source files/Veilog/buffer_packet_logger.v" into library work
Analyzing Verilog file "Y:/Source files/Veilog/top_virtix_6.v" into library work
Loading clock regions from C:/Xilinx/14.7/ISE_DS/PlanAhead/data\parts/xilinx/virtex6/virtex6lxt/xc6vlx240t/ClockRegion.xml
Loading clock buffers from C:/Xilinx/14.7/ISE_DS/PlanAhead/data\parts/xilinx/virtex6/virtex6lxt/xc6vlx240t/ClockBuffers.xml
Loading clock placement rules from C:/Xilinx/14.7/ISE_DS/PlanAhead/data/parts/xilinx/virtex6/ClockPlacerRules.xml
Loading clock capable ios from C:/Xilinx/14.7/ISE_DS/PlanAhead/data/parts/xilinx/virtex6/ClockCapableIOBs.xml
Loading package pin functions from C:/Xilinx/14.7/ISE_DS/PlanAhead/data\parts/xilinx/virtex6/PinFunctions.xml...
Loading package from C:/Xilinx/14.7/ISE_DS/PlanAhead/data\parts/xilinx/virtex6/virtex6lxt/xc6vlx240t/ff1156/Package.xml
Loading io standards from C:/Xilinx/14.7/ISE_DS/PlanAhead/data\./parts/xilinx/virtex6/IOStandards.xml
Loading device configuration modes from C:/Xilinx/14.7/ISE_DS/PlanAhead/data\parts/xilinx/virtex6/ConfigModes.xml
Loading list of drcs for the architecture : C:/Xilinx/14.7/ISE_DS/PlanAhead/data\./parts/xilinx/virtex6/drc.xml
Parsing UCF File [Y:/Virtex 6 ISE design/Virtex_6_FP_det/top_wrapper.ucf]
Finished Parsing UCF File [Y:/Virtex 6 ISE design/Virtex_6_FP_det/top_wrapper.ucf]
INFO: [Project 1-111] Unisim Transformation Summary:
No Unisim elements were transformed.

Phase 0 | Netlist Checksum: db670f54
open_rtl_design: Time (s): elapsed = 00:00:20 . Memory (MB): peak = 733.633 ; gain = 285.719
update_compile_order -fileset sim_1
exit
ERROR: [Common 17-39] 'stop_gui' failed due to earlier errors.
INFO: [Common 17-206] Exiting PlanAhead at Tue May 12 14:49:37 2026...
INFO: [Common 17-83] Releasing license: PlanAhead
